// Jest Snapshot v1, https://goo.gl/fbAQLP

exports[`component/Header matches snapshot 1`] = `
<Header
  classes={
    Object {
      "header": "Header-header-0-1-1",
      "title": "Header-title-0-1-2",
    }
  }
/>
`;
